running egg_info
writing ../../../build/xd_pkg/xd_pkg.egg-info/PKG-INFO
writing dependency_links to ../../../build/xd_pkg/xd_pkg.egg-info/dependency_links.txt
writing entry points to ../../../build/xd_pkg/xd_pkg.egg-info/entry_points.txt
writing requirements to ../../../build/xd_pkg/xd_pkg.egg-info/requires.txt
writing top-level names to ../../../build/xd_pkg/xd_pkg.egg-info/top_level.txt
reading manifest file '../../../build/xd_pkg/xd_pkg.egg-info/SOURCES.txt'
adding license file 'LICENSE'
writing manifest file '../../../build/xd_pkg/xd_pkg.egg-info/SOURCES.txt'
running build
running build_py
running install
running install_lib
running install_data
running install_egg_info
removing '/ros2_ws/install/xd_pkg/lib/python3.10/site-packages/xd_pkg-0.0.0-py3.10.egg-info' (and everything under it)
Copying ../../../build/xd_pkg/xd_pkg.egg-info to /ros2_ws/install/xd_pkg/lib/python3.10/site-packages/xd_pkg-0.0.0-py3.10.egg-info
running install_scripts
Installing xd_node script to /ros2_ws/install/xd_pkg/lib/xd_pkg
writing list of installed files to '/ros2_ws/build/xd_pkg/install.log'
