[0.366s] Invoking command in '/ros2_ws/src/ex03/xd_pkg': PYTHONPATH=/ros2_ws/build/xd_pkg/prefix_override:/usr/lib/python3/dist-packages/colcon_core/task/python/colcon_distutils_commands:/ros2_ws/install/xd_pkg/lib/python3.10/site-packages:${PYTHONPATH} /usr/bin/python3 -W ignore:setup.py install is deprecated -W ignore:easy_install command is deprecated setup.py egg_info --egg-base ../../../build/xd_pkg build --build-base /ros2_ws/build/xd_pkg/build install --record /ros2_ws/build/xd_pkg/install.log --single-version-externally-managed install_data
[0.477s] running egg_info
[0.477s] writing ../../../build/xd_pkg/xd_pkg.egg-info/PKG-INFO
[0.477s] writing dependency_links to ../../../build/xd_pkg/xd_pkg.egg-info/dependency_links.txt
[0.480s] writing entry points to ../../../build/xd_pkg/xd_pkg.egg-info/entry_points.txt
[0.481s] writing requirements to ../../../build/xd_pkg/xd_pkg.egg-info/requires.txt
[0.482s] writing top-level names to ../../../build/xd_pkg/xd_pkg.egg-info/top_level.txt
[0.485s] reading manifest file '../../../build/xd_pkg/xd_pkg.egg-info/SOURCES.txt'
[0.486s] adding license file 'LICENSE'
[0.487s] writing manifest file '../../../build/xd_pkg/xd_pkg.egg-info/SOURCES.txt'
[0.487s] running build
[0.487s] running build_py
[0.488s] running install
[0.488s] running install_lib
[0.491s] running install_data
[0.491s] running install_egg_info
[0.492s] removing '/ros2_ws/install/xd_pkg/lib/python3.10/site-packages/xd_pkg-0.0.0-py3.10.egg-info' (and everything under it)
[0.493s] Copying ../../../build/xd_pkg/xd_pkg.egg-info to /ros2_ws/install/xd_pkg/lib/python3.10/site-packages/xd_pkg-0.0.0-py3.10.egg-info
[0.500s] running install_scripts
[0.510s] Installing xd_node script to /ros2_ws/install/xd_pkg/lib/xd_pkg
[0.511s] writing list of installed files to '/ros2_ws/build/xd_pkg/install.log'
[0.534s] Invoked command in '/ros2_ws/src/ex03/xd_pkg' returned '0': PYTHONPATH=/ros2_ws/build/xd_pkg/prefix_override:/usr/lib/python3/dist-packages/colcon_core/task/python/colcon_distutils_commands:/ros2_ws/install/xd_pkg/lib/python3.10/site-packages:${PYTHONPATH} /usr/bin/python3 -W ignore:setup.py install is deprecated -W ignore:easy_install command is deprecated setup.py egg_info --egg-base ../../../build/xd_pkg build --build-base /ros2_ws/build/xd_pkg/build install --record /ros2_ws/build/xd_pkg/install.log --single-version-externally-managed install_data
