[0.278s] Invoking command in '/ros2_ws/my_first_pkg': PYTHONPATH=/ros2_ws/build/my_first_pkg/prefix_override:/usr/lib/python3/dist-packages/colcon_core/task/python/colcon_distutils_commands:/ros2_ws/install/my_first_pkg/lib/python3.10/site-packages:${PYTHONPATH} /usr/bin/python3 -W ignore:setup.py install is deprecated -W ignore:easy_install command is deprecated setup.py egg_info --egg-base ../build/my_first_pkg build --build-base /ros2_ws/build/my_first_pkg/build install --record /ros2_ws/build/my_first_pkg/install.log --single-version-externally-managed install_data
[0.359s] running egg_info
[0.360s] creating ../build/my_first_pkg/my_first_pkg.egg-info
[0.360s] writing ../build/my_first_pkg/my_first_pkg.egg-info/PKG-INFO
[0.361s] writing dependency_links to ../build/my_first_pkg/my_first_pkg.egg-info/dependency_links.txt
[0.361s] writing entry points to ../build/my_first_pkg/my_first_pkg.egg-info/entry_points.txt
[0.361s] writing requirements to ../build/my_first_pkg/my_first_pkg.egg-info/requires.txt
[0.362s] writing top-level names to ../build/my_first_pkg/my_first_pkg.egg-info/top_level.txt
[0.362s] writing manifest file '../build/my_first_pkg/my_first_pkg.egg-info/SOURCES.txt'
[0.364s] reading manifest file '../build/my_first_pkg/my_first_pkg.egg-info/SOURCES.txt'
[0.365s] writing manifest file '../build/my_first_pkg/my_first_pkg.egg-info/SOURCES.txt'
[0.365s] running build
[0.366s] running build_py
[0.366s] creating /ros2_ws/build/my_first_pkg/build
[0.367s] creating /ros2_ws/build/my_first_pkg/build/lib
[0.367s] creating /ros2_ws/build/my_first_pkg/build/lib/my_first_pkg
[0.367s] copying my_first_pkg/__init__.py -> /ros2_ws/build/my_first_pkg/build/lib/my_first_pkg
[0.368s] running install
[0.368s] running install_lib
[0.368s] creating /ros2_ws/install/my_first_pkg/lib/python3.10/site-packages/my_first_pkg
[0.369s] copying /ros2_ws/build/my_first_pkg/build/lib/my_first_pkg/__init__.py -> /ros2_ws/install/my_first_pkg/lib/python3.10/site-packages/my_first_pkg
[0.370s] byte-compiling /ros2_ws/install/my_first_pkg/lib/python3.10/site-packages/my_first_pkg/__init__.py to __init__.cpython-310.pyc
[0.371s] running install_data
[0.372s] creating /ros2_ws/install/my_first_pkg/share/ament_index
[0.372s] creating /ros2_ws/install/my_first_pkg/share/ament_index/resource_index
[0.372s] creating /ros2_ws/install/my_first_pkg/share/ament_index/resource_index/packages
[0.373s] copying resource/my_first_pkg -> /ros2_ws/install/my_first_pkg/share/ament_index/resource_index/packages
[0.373s] copying package.xml -> /ros2_ws/install/my_first_pkg/share/my_first_pkg
[0.375s] running install_egg_info
[0.375s] Copying ../build/my_first_pkg/my_first_pkg.egg-info to /ros2_ws/install/my_first_pkg/lib/python3.10/site-packages/my_first_pkg-0.0.0-py3.10.egg-info
[0.382s] running install_scripts
[0.391s] writing list of installed files to '/ros2_ws/build/my_first_pkg/install.log'
[0.402s] Invoked command in '/ros2_ws/my_first_pkg' returned '0': PYTHONPATH=/ros2_ws/build/my_first_pkg/prefix_override:/usr/lib/python3/dist-packages/colcon_core/task/python/colcon_distutils_commands:/ros2_ws/install/my_first_pkg/lib/python3.10/site-packages:${PYTHONPATH} /usr/bin/python3 -W ignore:setup.py install is deprecated -W ignore:easy_install command is deprecated setup.py egg_info --egg-base ../build/my_first_pkg build --build-base /ros2_ws/build/my_first_pkg/build install --record /ros2_ws/build/my_first_pkg/install.log --single-version-externally-managed install_data
