[0.023s] Invoking command in '/ros2_ws/build/ex09_interface': CMAKE_PREFIX_PATH=/root/ros2_ws/install/xd_pkg:/root/ros2_ws/install/my_first_pkg:/opt/ros/humble /usr/bin/cmake /ros2_ws/src/ex09_interface -DCMAKE_INSTALL_PREFIX=/ros2_ws/install/ex09_interface
[0.236s] -- The C compiler identification is GNU 11.4.0
[0.313s] -- The CXX compiler identification is GNU 11.4.0
[0.323s] -- Detecting C compiler ABI info
[0.394s] -- Detecting C compiler ABI info - done
[0.399s] -- Check for working C compiler: /usr/bin/cc - skipped
[0.400s] -- Detecting C compile features
[0.401s] -- Detecting C compile features - done
[0.407s] -- Detecting CXX compiler ABI info
[0.467s] -- Detecting CXX compiler ABI info - done
[0.472s] -- Check for working CXX compiler: /usr/bin/c++ - skipped
[0.472s] -- Detecting CXX compile features
[0.473s] -- Detecting CXX compile features - done
[0.494s] -- Found ament_cmake: 1.3.12 (/opt/ros/humble/share/ament_cmake/cmake)
[0.586s] -- Found Python3: /usr/bin/python3 (found version "3.10.12") found components: Interpreter 
[0.690s] -- Found ament_lint_auto: 0.12.14 (/opt/ros/humble/share/ament_lint_auto/cmake)
[0.755s] -- Found rosidl_default_generators: 1.2.0 (/opt/ros/humble/share/rosidl_default_generators/cmake)
[0.764s] -- Using all available rosidl_typesupport_c: rosidl_typesupport_fastrtps_c;rosidl_typesupport_introspection_c
[0.780s] -- Found rosidl_adapter: 3.1.7 (/opt/ros/humble/share/rosidl_adapter/cmake)
[0.843s] -- Using all available rosidl_typesupport_cpp: rosidl_typesupport_fastrtps_cpp;rosidl_typesupport_introspection_cpp
[0.950s] [31mCMake Error at /opt/ros/humble/share/rosidl_adapter/cmake/rosidl_adapt_interfaces.cmake:59 (message):
[0.950s]   execute_process(/usr/bin/python3 -m rosidl_adapter --package-name
[0.951s]   ex09_interface --arguments-file
[0.951s]   /ros2_ws/build/ex09_interface/rosidl_adapter__arguments__ex09_interface.json
[0.952s]   --output-dir /ros2_ws/build/ex09_interface/rosidl_adapter/ex09_interface
[0.952s]   --output-file
[0.952s]   /ros2_ws/build/ex09_interface/rosidl_adapter/ex09_interface.idls) returned
[0.952s]   error code 1:
[0.953s] 
[0.955s]   Traceback (most recent call last):
[0.956s] 
[0.956s]     File "/usr/lib/python3.10/runpy.py", line 196, in _run_module_as_main
[0.957s]       return _run_code(code, main_globals, None,
[0.957s]     File "/usr/lib/python3.10/runpy.py", line 86, in _run_code
[0.958s]       exec(code, run_globals)
[0.958s]     File "/opt/ros/humble/local/lib/python3.10/dist-packages/rosidl_adapter/__main__.py", line 19, in <module>
[0.959s]       sys.exit(main())
[0.959s]     File "/opt/ros/humble/local/lib/python3.10/dist-packages/rosidl_adapter/main.py", line 53, in main
[0.959s]       abs_idl_file = convert_to_idl(
[0.959s]     File "/opt/ros/humble/local/lib/python3.10/dist-packages/rosidl_adapter/__init__.py", line 19, in convert_to_idl
[0.959s]       return convert_msg_to_idl(
[0.959s]     File "/opt/ros/humble/local/lib/python3.10/dist-packages/rosidl_adapter/msg/__init__.py", line 28, in convert_msg_to_idl
[0.959s]       msg = parse_message_string(package_name, input_file.stem, content)
[0.960s]     File "/opt/ros/humble/local/lib/python3.10/dist-packages/rosidl_adapter/parser.py", line 544, in parse_message_string
[0.960s]       msg = MessageSpecification(pkg_name, msg_name, fields, constants)
[0.960s]     File "/opt/ros/humble/local/lib/python3.10/dist-packages/rosidl_adapter/parser.py", line 388, in __init__
[0.960s]       self.base_type = BaseType(
[0.960s]     File "/opt/ros/humble/local/lib/python3.10/dist-packages/rosidl_adapter/parser.py", line 205, in __init__
[0.960s]       raise InvalidResourceName(
[0.961s] 
[0.961s]   rosidl_adapter.parser.InvalidResourceName: 'full_name_message' is an
[0.961s]   invalid message name.  It should have the pattern '^[A-Z][A-Za-z0-9]*$'
[0.961s] 
[0.962s] Call Stack (most recent call first):
[0.962s]   /opt/ros/humble/share/rosidl_cmake/cmake/rosidl_generate_interfaces.cmake:130 (rosidl_adapt_interfaces)
[0.962s]   CMakeLists.txt:28 (rosidl_generate_interfaces)
[0.963s] 
[0.963s] [0m
[0.963s] -- Configuring incomplete, errors occurred!
[0.963s] See also "/ros2_ws/build/ex09_interface/CMakeFiles/CMakeOutput.log".
[0.964s] Invoked command in '/ros2_ws/build/ex09_interface' returned '1': CMAKE_PREFIX_PATH=/root/ros2_ws/install/xd_pkg:/root/ros2_ws/install/my_first_pkg:/opt/ros/humble /usr/bin/cmake /ros2_ws/src/ex09_interface -DCMAKE_INSTALL_PREFIX=/ros2_ws/install/ex09_interface
