[0.009s] Invoking command in '/ros2_ws/build/ex09_interface': CMAKE_PREFIX_PATH=/root/ros2_ws/install/xd_pkg:/root/ros2_ws/install/my_first_pkg:/opt/ros/humble /usr/bin/cmake /ros2_ws/src/ex09_interface -DCMAKE_INSTALL_PREFIX=/ros2_ws/install/ex09_interface
[0.021s] -- Found ament_cmake: 1.3.12 (/opt/ros/humble/share/ament_cmake/cmake)
[0.083s] -- Found ament_lint_auto: 0.12.14 (/opt/ros/humble/share/ament_lint_auto/cmake)
[0.124s] -- Found rosidl_default_generators: 1.2.0 (/opt/ros/humble/share/rosidl_default_generators/cmake)
[0.129s] -- Using all available rosidl_typesupport_c: rosidl_typesupport_fastrtps_c;rosidl_typesupport_introspection_c
[0.132s] -- Found rosidl_adapter: 3.1.7 (/opt/ros/humble/share/rosidl_adapter/cmake)
[0.150s] -- Using all available rosidl_typesupport_cpp: rosidl_typesupport_fastrtps_cpp;rosidl_typesupport_introspection_cpp
[0.272s] -- Found ament_cmake_ros: 0.10.0 (/opt/ros/humble/share/ament_cmake_ros/cmake)
[0.409s] -- Using all available rosidl_typesupport_c: rosidl_typesupport_fastrtps_c;rosidl_typesupport_introspection_c
[0.563s] -- Using all available rosidl_typesupport_cpp: rosidl_typesupport_fastrtps_cpp;rosidl_typesupport_introspection_cpp
[0.577s] -- Found PythonInterp: /usr/bin/python3 (found suitable version "3.10.12", minimum required is "3.6") 
[0.586s] -- Found python_cmake_module: 0.10.0 (/opt/ros/humble/share/python_cmake_module/cmake)
[0.609s] -- Found PythonLibs: /usr/lib/aarch64-linux-gnu/libpython3.10.so (found suitable version "3.10.12", minimum required is "3.5") 
[0.609s] -- Using PYTHON_EXECUTABLE: /usr/bin/python3
[0.609s] -- Using PYTHON_INCLUDE_DIRS: /usr/include/python3.10
[0.609s] -- Using PYTHON_LIBRARIES: /usr/lib/aarch64-linux-gnu/libpython3.10.so
[0.620s] -- Found PythonExtra: .so  
[0.673s] -- Added test 'lint_cmake' to check CMake code style
[0.681s] -- Added test 'xmllint' to check XML markup files
[0.722s] -- Configuring done
[0.882s] -- Generating done
[0.922s] -- Build files have been written to: /ros2_ws/build/ex09_interface
[0.922s] Invoked command in '/ros2_ws/build/ex09_interface' returned '0': CMAKE_PREFIX_PATH=/root/ros2_ws/install/xd_pkg:/root/ros2_ws/install/my_first_pkg:/opt/ros/humble /usr/bin/cmake /ros2_ws/src/ex09_interface -DCMAKE_INSTALL_PREFIX=/ros2_ws/install/ex09_interface
[0.924s] Invoking command in '/ros2_ws/build/ex09_interface': CMAKE_PREFIX_PATH=/root/ros2_ws/install/xd_pkg:/root/ros2_ws/install/my_first_pkg:/opt/ros/humble /usr/bin/cmake --build /ros2_ws/build/ex09_interface -- -j11 -l11
[0.947s] [  2%] [34m[1mGenerating C code for ROS interfaces[0m
[0.953s] [  5%] [34m[1mGenerating C++ code for ROS interfaces[0m
[0.957s] [  5%] Built target ament_cmake_python_copy_ex09_interface
[1.085s] running egg_info
[1.086s] creating ex09_interface.egg-info
[1.088s] writing ex09_interface.egg-info/PKG-INFO
[1.088s] writing dependency_links to ex09_interface.egg-info/dependency_links.txt
[1.090s] writing top-level names to ex09_interface.egg-info/top_level.txt
[1.093s] writing manifest file 'ex09_interface.egg-info/SOURCES.txt'
[1.096s] reading manifest file 'ex09_interface.egg-info/SOURCES.txt'
[1.097s] writing manifest file 'ex09_interface.egg-info/SOURCES.txt'
[1.117s] [  5%] Built target ament_cmake_python_build_ex09_interface_egg
[1.142s] [  5%] Built target ex09_interface__cpp
[1.151s] [ 12%] [34m[1mGenerating C++ type support dispatch for ROS interfaces[0m
[1.152s] [ 12%] [34m[1mGenerating C++ type support for eProsima Fast-RTPS[0m
[1.153s] [ 12%] [34m[1mGenerating C++ introspection for ROS interfaces[0m
[1.155s] [ 17%] [32mBuilding C object CMakeFiles/ex09_interface__rosidl_generator_c.dir/rosidl_generator_c/ex09_interface/msg/detail/full_name_message__functions.c.o[0m
[1.156s] [ 17%] [32mBuilding C object CMakeFiles/ex09_interface__rosidl_generator_c.dir/rosidl_generator_c/ex09_interface/srv/detail/full_name_sum_service__functions.c.o[0m
[1.286s] [ 20%] [32m[1mLinking C shared library libex09_interface__rosidl_generator_c.so[0m
[1.330s] [ 20%] Built target ex09_interface__rosidl_generator_c
[1.338s] [ 25%] [32mBuilding CXX object CMakeFiles/ex09_interface__rosidl_typesupport_cpp.dir/rosidl_typesupport_cpp/ex09_interface/srv/full_name_sum_service__type_support.cpp.o[0m
[1.340s] [ 25%] [32mBuilding CXX object CMakeFiles/ex09_interface__rosidl_typesupport_cpp.dir/rosidl_typesupport_cpp/ex09_interface/msg/full_name_message__type_support.cpp.o[0m
[1.342s] [ 33%] [34m[1mGenerating C type support dispatch for ROS interfaces[0m
[1.346s] [ 33%] [34m[1mGenerating C introspection for ROS interfaces[0m
[1.348s] [ 33%] [34m[1mGenerating C type support for eProsima Fast-RTPS[0m
[1.353s] [ 35%] [32mBuilding CXX object CMakeFiles/ex09_interface__rosidl_typesupport_introspection_cpp.dir/rosidl_typesupport_introspection_cpp/ex09_interface/msg/detail/full_name_message__type_support.cpp.o[0m
[1.357s] [ 38%] [32mBuilding CXX object CMakeFiles/ex09_interface__rosidl_typesupport_introspection_cpp.dir/rosidl_typesupport_introspection_cpp/ex09_interface/srv/detail/full_name_sum_service__type_support.cpp.o[0m
[1.381s] [ 43%] [32mBuilding CXX object CMakeFiles/ex09_interface__rosidl_typesupport_fastrtps_cpp.dir/rosidl_typesupport_fastrtps_cpp/ex09_interface/msg/detail/dds_fastrtps/full_name_message__type_support.cpp.o[0m
[1.382s] [ 43%] [32mBuilding CXX object CMakeFiles/ex09_interface__rosidl_typesupport_fastrtps_cpp.dir/rosidl_typesupport_fastrtps_cpp/ex09_interface/srv/detail/dds_fastrtps/full_name_sum_service__type_support.cpp.o[0m
[1.524s] [ 48%] [32mBuilding CXX object CMakeFiles/ex09_interface__rosidl_typesupport_c.dir/rosidl_typesupport_c/ex09_interface/srv/full_name_sum_service__type_support.cpp.o[0m
[1.524s] [ 48%] [32mBuilding CXX object CMakeFiles/ex09_interface__rosidl_typesupport_c.dir/rosidl_typesupport_c/ex09_interface/msg/full_name_message__type_support.cpp.o[0m
[1.568s] [ 53%] [32mBuilding C object CMakeFiles/ex09_interface__rosidl_typesupport_introspection_c.dir/rosidl_typesupport_introspection_c/ex09_interface/msg/detail/full_name_message__type_support.c.o[0m
[1.569s] [ 53%] [32mBuilding C object CMakeFiles/ex09_interface__rosidl_typesupport_introspection_c.dir/rosidl_typesupport_introspection_c/ex09_interface/srv/detail/full_name_sum_service__type_support.c.o[0m
[1.587s] [ 56%] [32mBuilding CXX object CMakeFiles/ex09_interface__rosidl_typesupport_fastrtps_c.dir/rosidl_typesupport_fastrtps_c/ex09_interface/msg/detail/full_name_message__type_support_c.cpp.o[0m
[1.617s] [ 61%] [32m[1mLinking CXX shared library libex09_interface__rosidl_typesupport_c.so[0m
[1.620s] [ 61%] [32mBuilding CXX object CMakeFiles/ex09_interface__rosidl_typesupport_fastrtps_c.dir/rosidl_typesupport_fastrtps_c/ex09_interface/srv/detail/full_name_sum_service__type_support_c.cpp.o[0m
[1.681s] [ 61%] Built target ex09_interface__rosidl_typesupport_c
[1.693s] [ 64%] [32m[1mLinking CXX shared library libex09_interface__rosidl_typesupport_cpp.so[0m
[1.704s] [ 66%] [32m[1mLinking C shared library libex09_interface__rosidl_typesupport_introspection_c.so[0m
[1.757s] [ 66%] Built target ex09_interface__rosidl_typesupport_cpp
[1.759s] [ 66%] Built target ex09_interface__rosidl_typesupport_introspection_c
[1.813s] [ 69%] [32m[1mLinking CXX shared library libex09_interface__rosidl_typesupport_introspection_cpp.so[0m
[1.855s] [ 71%] [32m[1mLinking CXX shared library libex09_interface__rosidl_typesupport_fastrtps_cpp.so[0m
[1.868s] [ 71%] Built target ex09_interface__rosidl_typesupport_introspection_cpp
[1.911s] [ 71%] Built target ex09_interface__rosidl_typesupport_fastrtps_cpp
[1.991s] [ 74%] [32m[1mLinking CXX shared library libex09_interface__rosidl_typesupport_fastrtps_c.so[0m
[2.027s] [ 74%] Built target ex09_interface__rosidl_typesupport_fastrtps_c
[2.035s] [ 74%] Built target ex09_interface
[2.045s] [ 76%] [34m[1mGenerating Python code for ROS interfaces[0m
[2.243s] [ 76%] Built target ex09_interface__py
[2.256s] [ 82%] [32mBuilding C object CMakeFiles/ex09_interface__rosidl_generator_py.dir/rosidl_generator_py/ex09_interface/msg/_full_name_message_s.c.o[0m
[2.256s] [ 82%] [32mBuilding C object CMakeFiles/ex09_interface__rosidl_generator_py.dir/rosidl_generator_py/ex09_interface/srv/_full_name_sum_service_s.c.o[0m
[2.350s] [ 84%] [32m[1mLinking C shared library rosidl_generator_py/ex09_interface/libex09_interface__rosidl_generator_py.so[0m
[2.371s] [ 84%] Built target ex09_interface__rosidl_generator_py
[2.384s] [ 92%] [32mBuilding C object CMakeFiles/ex09_interface__rosidl_typesupport_c__pyext.dir/rosidl_generator_py/ex09_interface/_ex09_interface_s.ep.rosidl_typesupport_c.c.o[0m
[2.385s] [ 92%] [32mBuilding C object CMakeFiles/ex09_interface__rosidl_typesupport_introspection_c__pyext.dir/rosidl_generator_py/ex09_interface/_ex09_interface_s.ep.rosidl_typesupport_introspection_c.c.o[0m
[2.385s] [ 92%] [32mBuilding C object CMakeFiles/ex09_interface__rosidl_typesupport_fastrtps_c__pyext.dir/rosidl_generator_py/ex09_interface/_ex09_interface_s.ep.rosidl_typesupport_fastrtps_c.c.o[0m
[2.462s] [ 97%] [32m[1mLinking C shared library rosidl_generator_py/ex09_interface/ex09_interface_s__rosidl_typesupport_c.cpython-310-aarch64-linux-gnu.so[0m
[2.462s] [ 97%] [32m[1mLinking C shared library rosidl_generator_py/ex09_interface/ex09_interface_s__rosidl_typesupport_introspection_c.cpython-310-aarch64-linux-gnu.so[0m
[2.473s] [100%] [32m[1mLinking C shared library rosidl_generator_py/ex09_interface/ex09_interface_s__rosidl_typesupport_fastrtps_c.cpython-310-aarch64-linux-gnu.so[0m
[2.481s] [100%] Built target ex09_interface__rosidl_typesupport_c__pyext
[2.487s] [100%] Built target ex09_interface__rosidl_typesupport_introspection_c__pyext
[2.494s] [100%] Built target ex09_interface__rosidl_typesupport_fastrtps_c__pyext
[2.504s] Invoked command in '/ros2_ws/build/ex09_interface' returned '0': CMAKE_PREFIX_PATH=/root/ros2_ws/install/xd_pkg:/root/ros2_ws/install/my_first_pkg:/opt/ros/humble /usr/bin/cmake --build /ros2_ws/build/ex09_interface -- -j11 -l11
[2.509s] Invoking command in '/ros2_ws/build/ex09_interface': CMAKE_PREFIX_PATH=/root/ros2_ws/install/xd_pkg:/root/ros2_ws/install/my_first_pkg:/opt/ros/humble /usr/bin/cmake --install /ros2_ws/build/ex09_interface
[2.512s] -- Install configuration: ""
[2.513s] -- Installing: /ros2_ws/install/ex09_interface/share/ament_index/resource_index/rosidl_interfaces/ex09_interface
[2.514s] -- Installing: /ros2_ws/install/ex09_interface/include/ex09_interface/ex09_interface
[2.515s] -- Installing: /ros2_ws/install/ex09_interface/include/ex09_interface/ex09_interface/msg
[2.516s] -- Installing: /ros2_ws/install/ex09_interface/include/ex09_interface/ex09_interface/msg/rosidl_generator_c__visibility_control.h
[2.517s] -- Installing: /ros2_ws/install/ex09_interface/include/ex09_interface/ex09_interface/msg/detail
[2.518s] -- Installing: /ros2_ws/install/ex09_interface/include/ex09_interface/ex09_interface/msg/detail/full_name_message__functions.h
[2.520s] -- Installing: /ros2_ws/install/ex09_interface/include/ex09_interface/ex09_interface/msg/detail/full_name_message__type_support.h
[2.521s] -- Installing: /ros2_ws/install/ex09_interface/include/ex09_interface/ex09_interface/msg/detail/full_name_message__struct.h
[2.522s] -- Installing: /ros2_ws/install/ex09_interface/include/ex09_interface/ex09_interface/msg/detail/full_name_message__functions.c
[2.523s] -- Installing: /ros2_ws/install/ex09_interface/include/ex09_interface/ex09_interface/msg/full_name_message.h
[2.525s] -- Installing: /ros2_ws/install/ex09_interface/include/ex09_interface/ex09_interface/srv
[2.526s] -- Installing: /ros2_ws/install/ex09_interface/include/ex09_interface/ex09_interface/srv/detail
[2.527s] -- Installing: /ros2_ws/install/ex09_interface/include/ex09_interface/ex09_interface/srv/detail/full_name_sum_service__type_support.h
[2.528s] -- Installing: /ros2_ws/install/ex09_interface/include/ex09_interface/ex09_interface/srv/detail/full_name_sum_service__functions.h
[2.530s] -- Installing: /ros2_ws/install/ex09_interface/include/ex09_interface/ex09_interface/srv/detail/full_name_sum_service__struct.h
[2.531s] -- Installing: /ros2_ws/install/ex09_interface/include/ex09_interface/ex09_interface/srv/detail/full_name_sum_service__functions.c
[2.533s] -- Installing: /ros2_ws/install/ex09_interface/include/ex09_interface/ex09_interface/srv/full_name_sum_service.h
[2.535s] -- Installing: /ros2_ws/install/ex09_interface/share/ex09_interface/environment/library_path.sh
[2.536s] -- Installing: /ros2_ws/install/ex09_interface/share/ex09_interface/environment/library_path.dsv
[2.538s] -- Installing: /ros2_ws/install/ex09_interface/lib/libex09_interface__rosidl_generator_c.so
[2.539s] -- Set runtime path of "/ros2_ws/install/ex09_interface/lib/libex09_interface__rosidl_generator_c.so" to ""
[2.540s] -- Up-to-date: /ros2_ws/install/ex09_interface/include/ex09_interface/ex09_interface
[2.540s] -- Up-to-date: /ros2_ws/install/ex09_interface/include/ex09_interface/ex09_interface/msg
[2.540s] -- Up-to-date: /ros2_ws/install/ex09_interface/include/ex09_interface/ex09_interface/msg/detail
[2.541s] -- Installing: /ros2_ws/install/ex09_interface/include/ex09_interface/ex09_interface/msg/detail/full_name_message__rosidl_typesupport_fastrtps_c.h
[2.543s] -- Installing: /ros2_ws/install/ex09_interface/include/ex09_interface/ex09_interface/msg/rosidl_typesupport_fastrtps_c__visibility_control.h
[2.544s] -- Up-to-date: /ros2_ws/install/ex09_interface/include/ex09_interface/ex09_interface/srv
[2.544s] -- Up-to-date: /ros2_ws/install/ex09_interface/include/ex09_interface/ex09_interface/srv/detail
[2.545s] -- Installing: /ros2_ws/install/ex09_interface/include/ex09_interface/ex09_interface/srv/detail/full_name_sum_service__rosidl_typesupport_fastrtps_c.h
[2.546s] -- Installing: /ros2_ws/install/ex09_interface/lib/libex09_interface__rosidl_typesupport_fastrtps_c.so
[2.549s] -- Set runtime path of "/ros2_ws/install/ex09_interface/lib/libex09_interface__rosidl_typesupport_fastrtps_c.so" to ""
[2.549s] -- Up-to-date: /ros2_ws/install/ex09_interface/include/ex09_interface/ex09_interface
[2.549s] -- Up-to-date: /ros2_ws/install/ex09_interface/include/ex09_interface/ex09_interface/msg
[2.550s] -- Up-to-date: /ros2_ws/install/ex09_interface/include/ex09_interface/ex09_interface/msg/detail
[2.550s] -- Installing: /ros2_ws/install/ex09_interface/include/ex09_interface/ex09_interface/msg/detail/full_name_message__rosidl_typesupport_introspection_c.h
[2.552s] -- Installing: /ros2_ws/install/ex09_interface/include/ex09_interface/ex09_interface/msg/detail/full_name_message__type_support.c
[2.553s] -- Installing: /ros2_ws/install/ex09_interface/include/ex09_interface/ex09_interface/msg/rosidl_typesupport_introspection_c__visibility_control.h
[2.555s] -- Up-to-date: /ros2_ws/install/ex09_interface/include/ex09_interface/ex09_interface/srv
[2.555s] -- Up-to-date: /ros2_ws/install/ex09_interface/include/ex09_interface/ex09_interface/srv/detail
[2.556s] -- Installing: /ros2_ws/install/ex09_interface/include/ex09_interface/ex09_interface/srv/detail/full_name_sum_service__rosidl_typesupport_introspection_c.h
[2.557s] -- Installing: /ros2_ws/install/ex09_interface/include/ex09_interface/ex09_interface/srv/detail/full_name_sum_service__type_support.c
[2.559s] -- Installing: /ros2_ws/install/ex09_interface/lib/libex09_interface__rosidl_typesupport_introspection_c.so
[2.560s] -- Set runtime path of "/ros2_ws/install/ex09_interface/lib/libex09_interface__rosidl_typesupport_introspection_c.so" to ""
[2.561s] -- Installing: /ros2_ws/install/ex09_interface/lib/libex09_interface__rosidl_typesupport_c.so
[2.562s] -- Set runtime path of "/ros2_ws/install/ex09_interface/lib/libex09_interface__rosidl_typesupport_c.so" to ""
[2.563s] -- Up-to-date: /ros2_ws/install/ex09_interface/include/ex09_interface/ex09_interface
[2.563s] -- Up-to-date: /ros2_ws/install/ex09_interface/include/ex09_interface/ex09_interface/msg
[2.563s] -- Up-to-date: /ros2_ws/install/ex09_interface/include/ex09_interface/ex09_interface/msg/detail
[2.564s] -- Installing: /ros2_ws/install/ex09_interface/include/ex09_interface/ex09_interface/msg/detail/full_name_message__traits.hpp
[2.565s] -- Installing: /ros2_ws/install/ex09_interface/include/ex09_interface/ex09_interface/msg/detail/full_name_message__builder.hpp
[2.566s] -- Installing: /ros2_ws/install/ex09_interface/include/ex09_interface/ex09_interface/msg/detail/full_name_message__struct.hpp
[2.568s] -- Installing: /ros2_ws/install/ex09_interface/include/ex09_interface/ex09_interface/msg/detail/full_name_message__type_support.hpp
[2.569s] -- Installing: /ros2_ws/install/ex09_interface/include/ex09_interface/ex09_interface/msg/rosidl_generator_cpp__visibility_control.hpp
[2.571s] -- Installing: /ros2_ws/install/ex09_interface/include/ex09_interface/ex09_interface/msg/full_name_message.hpp
[2.572s] -- Up-to-date: /ros2_ws/install/ex09_interface/include/ex09_interface/ex09_interface/srv
[2.573s] -- Installing: /ros2_ws/install/ex09_interface/include/ex09_interface/ex09_interface/srv/full_name_sum_service.hpp
[2.574s] -- Up-to-date: /ros2_ws/install/ex09_interface/include/ex09_interface/ex09_interface/srv/detail
[2.575s] -- Installing: /ros2_ws/install/ex09_interface/include/ex09_interface/ex09_interface/srv/detail/full_name_sum_service__traits.hpp
[2.576s] -- Installing: /ros2_ws/install/ex09_interface/include/ex09_interface/ex09_interface/srv/detail/full_name_sum_service__builder.hpp
[2.578s] -- Installing: /ros2_ws/install/ex09_interface/include/ex09_interface/ex09_interface/srv/detail/full_name_sum_service__struct.hpp
[2.580s] -- Installing: /ros2_ws/install/ex09_interface/include/ex09_interface/ex09_interface/srv/detail/full_name_sum_service__type_support.hpp
[2.581s] -- Up-to-date: /ros2_ws/install/ex09_interface/include/ex09_interface/ex09_interface
[2.582s] -- Up-to-date: /ros2_ws/install/ex09_interface/include/ex09_interface/ex09_interface/msg
[2.582s] -- Installing: /ros2_ws/install/ex09_interface/include/ex09_interface/ex09_interface/msg/rosidl_typesupport_fastrtps_cpp__visibility_control.h
[2.583s] -- Up-to-date: /ros2_ws/install/ex09_interface/include/ex09_interface/ex09_interface/msg/detail
[2.584s] -- Installing: /ros2_ws/install/ex09_interface/include/ex09_interface/ex09_interface/msg/detail/full_name_message__rosidl_typesupport_fastrtps_cpp.hpp
[2.585s] -- Installing: /ros2_ws/install/ex09_interface/include/ex09_interface/ex09_interface/msg/detail/dds_fastrtps
[2.586s] -- Up-to-date: /ros2_ws/install/ex09_interface/include/ex09_interface/ex09_interface/srv
[2.586s] -- Up-to-date: /ros2_ws/install/ex09_interface/include/ex09_interface/ex09_interface/srv/detail
[2.587s] -- Installing: /ros2_ws/install/ex09_interface/include/ex09_interface/ex09_interface/srv/detail/dds_fastrtps
[2.587s] -- Installing: /ros2_ws/install/ex09_interface/include/ex09_interface/ex09_interface/srv/detail/full_name_sum_service__rosidl_typesupport_fastrtps_cpp.hpp
[2.589s] -- Installing: /ros2_ws/install/ex09_interface/lib/libex09_interface__rosidl_typesupport_fastrtps_cpp.so
[2.591s] -- Set runtime path of "/ros2_ws/install/ex09_interface/lib/libex09_interface__rosidl_typesupport_fastrtps_cpp.so" to ""
[2.591s] -- Up-to-date: /ros2_ws/install/ex09_interface/include/ex09_interface/ex09_interface
[2.592s] -- Up-to-date: /ros2_ws/install/ex09_interface/include/ex09_interface/ex09_interface/msg
[2.592s] -- Up-to-date: /ros2_ws/install/ex09_interface/include/ex09_interface/ex09_interface/msg/detail
[2.593s] -- Installing: /ros2_ws/install/ex09_interface/include/ex09_interface/ex09_interface/msg/detail/full_name_message__type_support.cpp
[2.594s] -- Installing: /ros2_ws/install/ex09_interface/include/ex09_interface/ex09_interface/msg/detail/full_name_message__rosidl_typesupport_introspection_cpp.hpp
[2.595s] -- Up-to-date: /ros2_ws/install/ex09_interface/include/ex09_interface/ex09_interface/srv
[2.596s] -- Up-to-date: /ros2_ws/install/ex09_interface/include/ex09_interface/ex09_interface/srv/detail
[2.597s] -- Installing: /ros2_ws/install/ex09_interface/include/ex09_interface/ex09_interface/srv/detail/full_name_sum_service__type_support.cpp
[2.598s] -- Installing: /ros2_ws/install/ex09_interface/include/ex09_interface/ex09_interface/srv/detail/full_name_sum_service__rosidl_typesupport_introspection_cpp.hpp
[2.599s] -- Installing: /ros2_ws/install/ex09_interface/lib/libex09_interface__rosidl_typesupport_introspection_cpp.so
[2.602s] -- Set runtime path of "/ros2_ws/install/ex09_interface/lib/libex09_interface__rosidl_typesupport_introspection_cpp.so" to ""
[2.602s] -- Installing: /ros2_ws/install/ex09_interface/lib/libex09_interface__rosidl_typesupport_cpp.so
[2.603s] -- Set runtime path of "/ros2_ws/install/ex09_interface/lib/libex09_interface__rosidl_typesupport_cpp.so" to ""
[2.604s] -- Installing: /ros2_ws/install/ex09_interface/share/ex09_interface/environment/pythonpath.sh
[2.605s] -- Installing: /ros2_ws/install/ex09_interface/share/ex09_interface/environment/pythonpath.dsv
[2.606s] -- Installing: /ros2_ws/install/ex09_interface/local/lib/python3.10/dist-packages/ex09_interface-0.0.0-py3.10.egg-info
[2.607s] -- Installing: /ros2_ws/install/ex09_interface/local/lib/python3.10/dist-packages/ex09_interface-0.0.0-py3.10.egg-info/PKG-INFO
[2.609s] -- Installing: /ros2_ws/install/ex09_interface/local/lib/python3.10/dist-packages/ex09_interface-0.0.0-py3.10.egg-info/SOURCES.txt
[2.611s] -- Installing: /ros2_ws/install/ex09_interface/local/lib/python3.10/dist-packages/ex09_interface-0.0.0-py3.10.egg-info/top_level.txt
[2.614s] -- Installing: /ros2_ws/install/ex09_interface/local/lib/python3.10/dist-packages/ex09_interface-0.0.0-py3.10.egg-info/dependency_links.txt
[2.615s] -- Installing: /ros2_ws/install/ex09_interface/local/lib/python3.10/dist-packages/ex09_interface
[2.616s] -- Installing: /ros2_ws/install/ex09_interface/local/lib/python3.10/dist-packages/ex09_interface/libex09_interface__rosidl_generator_py.so
[2.618s] -- Installing: /ros2_ws/install/ex09_interface/local/lib/python3.10/dist-packages/ex09_interface/msg
[2.619s] -- Installing: /ros2_ws/install/ex09_interface/local/lib/python3.10/dist-packages/ex09_interface/msg/_full_name_message_s.c
[2.620s] -- Installing: /ros2_ws/install/ex09_interface/local/lib/python3.10/dist-packages/ex09_interface/msg/_full_name_message.py
[2.621s] -- Installing: /ros2_ws/install/ex09_interface/local/lib/python3.10/dist-packages/ex09_interface/msg/__init__.py
[2.623s] -- Installing: /ros2_ws/install/ex09_interface/local/lib/python3.10/dist-packages/ex09_interface/_ex09_interface_s.ep.rosidl_typesupport_fastrtps_c.c
[2.625s] -- Installing: /ros2_ws/install/ex09_interface/local/lib/python3.10/dist-packages/ex09_interface/ex09_interface_s__rosidl_typesupport_introspection_c.cpython-310-aarch64-linux-gnu.so
[2.626s] -- Installing: /ros2_ws/install/ex09_interface/local/lib/python3.10/dist-packages/ex09_interface/__init__.py
[2.628s] -- Installing: /ros2_ws/install/ex09_interface/local/lib/python3.10/dist-packages/ex09_interface/ex09_interface_s__rosidl_typesupport_fastrtps_c.cpython-310-aarch64-linux-gnu.so
[2.629s] -- Installing: /ros2_ws/install/ex09_interface/local/lib/python3.10/dist-packages/ex09_interface/ex09_interface_s__rosidl_typesupport_c.cpython-310-aarch64-linux-gnu.so
[2.631s] -- Installing: /ros2_ws/install/ex09_interface/local/lib/python3.10/dist-packages/ex09_interface/_ex09_interface_s.ep.rosidl_typesupport_c.c
[2.632s] -- Installing: /ros2_ws/install/ex09_interface/local/lib/python3.10/dist-packages/ex09_interface/_ex09_interface_s.ep.rosidl_typesupport_introspection_c.c
[2.634s] -- Installing: /ros2_ws/install/ex09_interface/local/lib/python3.10/dist-packages/ex09_interface/srv
[2.635s] -- Installing: /ros2_ws/install/ex09_interface/local/lib/python3.10/dist-packages/ex09_interface/srv/_full_name_sum_service_s.c
[2.637s] -- Installing: /ros2_ws/install/ex09_interface/local/lib/python3.10/dist-packages/ex09_interface/srv/__init__.py
[2.638s] -- Installing: /ros2_ws/install/ex09_interface/local/lib/python3.10/dist-packages/ex09_interface/srv/_full_name_sum_service.py
[2.664s] Listing '/ros2_ws/install/ex09_interface/local/lib/python3.10/dist-packages/ex09_interface'...
[2.665s] Compiling '/ros2_ws/install/ex09_interface/local/lib/python3.10/dist-packages/ex09_interface/__init__.py'...
[2.665s] Listing '/ros2_ws/install/ex09_interface/local/lib/python3.10/dist-packages/ex09_interface/msg'...
[2.666s] Compiling '/ros2_ws/install/ex09_interface/local/lib/python3.10/dist-packages/ex09_interface/msg/__init__.py'...
[2.666s] Compiling '/ros2_ws/install/ex09_interface/local/lib/python3.10/dist-packages/ex09_interface/msg/_full_name_message.py'...
[2.666s] Listing '/ros2_ws/install/ex09_interface/local/lib/python3.10/dist-packages/ex09_interface/srv'...
[2.667s] Compiling '/ros2_ws/install/ex09_interface/local/lib/python3.10/dist-packages/ex09_interface/srv/__init__.py'...
[2.667s] Compiling '/ros2_ws/install/ex09_interface/local/lib/python3.10/dist-packages/ex09_interface/srv/_full_name_sum_service.py'...
[2.668s] -- Installing: /ros2_ws/install/ex09_interface/local/lib/python3.10/dist-packages/ex09_interface/ex09_interface_s__rosidl_typesupport_fastrtps_c.cpython-310-aarch64-linux-gnu.so
[2.669s] -- Set runtime path of "/ros2_ws/install/ex09_interface/local/lib/python3.10/dist-packages/ex09_interface/ex09_interface_s__rosidl_typesupport_fastrtps_c.cpython-310-aarch64-linux-gnu.so" to ""
[2.669s] -- Installing: /ros2_ws/install/ex09_interface/local/lib/python3.10/dist-packages/ex09_interface/ex09_interface_s__rosidl_typesupport_introspection_c.cpython-310-aarch64-linux-gnu.so
[2.671s] -- Set runtime path of "/ros2_ws/install/ex09_interface/local/lib/python3.10/dist-packages/ex09_interface/ex09_interface_s__rosidl_typesupport_introspection_c.cpython-310-aarch64-linux-gnu.so" to ""
[2.671s] -- Installing: /ros2_ws/install/ex09_interface/local/lib/python3.10/dist-packages/ex09_interface/ex09_interface_s__rosidl_typesupport_c.cpython-310-aarch64-linux-gnu.so
[2.673s] -- Set runtime path of "/ros2_ws/install/ex09_interface/local/lib/python3.10/dist-packages/ex09_interface/ex09_interface_s__rosidl_typesupport_c.cpython-310-aarch64-linux-gnu.so" to ""
[2.674s] -- Installing: /ros2_ws/install/ex09_interface/lib/libex09_interface__rosidl_generator_py.so
[2.676s] -- Set runtime path of "/ros2_ws/install/ex09_interface/lib/libex09_interface__rosidl_generator_py.so" to ""
[2.676s] -- Installing: /ros2_ws/install/ex09_interface/share/ex09_interface/msg/FullNameMessage.idl
[2.678s] -- Installing: /ros2_ws/install/ex09_interface/share/ex09_interface/srv/FullNameSumService.idl
[2.680s] -- Installing: /ros2_ws/install/ex09_interface/share/ex09_interface/msg/FullNameMessage.msg
[2.681s] -- Installing: /ros2_ws/install/ex09_interface/share/ex09_interface/srv/FullNameSumService.srv
[2.682s] -- Installing: /ros2_ws/install/ex09_interface/share/ex09_interface/srv/FullNameSumService_Request.msg
[2.684s] -- Installing: /ros2_ws/install/ex09_interface/share/ex09_interface/srv/FullNameSumService_Response.msg
[2.685s] -- Installing: /ros2_ws/install/ex09_interface/share/ament_index/resource_index/package_run_dependencies/ex09_interface
[2.687s] -- Installing: /ros2_ws/install/ex09_interface/share/ament_index/resource_index/parent_prefix_path/ex09_interface
[2.688s] -- Installing: /ros2_ws/install/ex09_interface/share/ex09_interface/environment/ament_prefix_path.sh
[2.689s] -- Installing: /ros2_ws/install/ex09_interface/share/ex09_interface/environment/ament_prefix_path.dsv
[2.691s] -- Installing: /ros2_ws/install/ex09_interface/share/ex09_interface/environment/path.sh
[2.692s] -- Installing: /ros2_ws/install/ex09_interface/share/ex09_interface/environment/path.dsv
[2.693s] -- Installing: /ros2_ws/install/ex09_interface/share/ex09_interface/local_setup.bash
[2.695s] -- Installing: /ros2_ws/install/ex09_interface/share/ex09_interface/local_setup.sh
[2.696s] -- Installing: /ros2_ws/install/ex09_interface/share/ex09_interface/local_setup.zsh
[2.697s] -- Installing: /ros2_ws/install/ex09_interface/share/ex09_interface/local_setup.dsv
[2.699s] -- Installing: /ros2_ws/install/ex09_interface/share/ex09_interface/package.dsv
[2.701s] -- Installing: /ros2_ws/install/ex09_interface/share/ament_index/resource_index/packages/ex09_interface
[2.702s] -- Installing: /ros2_ws/install/ex09_interface/share/ex09_interface/cmake/export_ex09_interface__rosidl_generator_cExport.cmake
[2.704s] -- Installing: /ros2_ws/install/ex09_interface/share/ex09_interface/cmake/export_ex09_interface__rosidl_generator_cExport-noconfig.cmake
[2.705s] -- Installing: /ros2_ws/install/ex09_interface/share/ex09_interface/cmake/export_ex09_interface__rosidl_typesupport_fastrtps_cExport.cmake
[2.706s] -- Installing: /ros2_ws/install/ex09_interface/share/ex09_interface/cmake/export_ex09_interface__rosidl_typesupport_fastrtps_cExport-noconfig.cmake
[2.708s] -- Installing: /ros2_ws/install/ex09_interface/share/ex09_interface/cmake/ex09_interface__rosidl_typesupport_introspection_cExport.cmake
[2.710s] -- Installing: /ros2_ws/install/ex09_interface/share/ex09_interface/cmake/ex09_interface__rosidl_typesupport_introspection_cExport-noconfig.cmake
[2.712s] -- Installing: /ros2_ws/install/ex09_interface/share/ex09_interface/cmake/ex09_interface__rosidl_typesupport_cExport.cmake
[2.713s] -- Installing: /ros2_ws/install/ex09_interface/share/ex09_interface/cmake/ex09_interface__rosidl_typesupport_cExport-noconfig.cmake
[2.715s] -- Installing: /ros2_ws/install/ex09_interface/share/ex09_interface/cmake/export_ex09_interface__rosidl_generator_cppExport.cmake
[2.716s] -- Installing: /ros2_ws/install/ex09_interface/share/ex09_interface/cmake/export_ex09_interface__rosidl_typesupport_fastrtps_cppExport.cmake
[2.718s] -- Installing: /ros2_ws/install/ex09_interface/share/ex09_interface/cmake/export_ex09_interface__rosidl_typesupport_fastrtps_cppExport-noconfig.cmake
[2.719s] -- Installing: /ros2_ws/install/ex09_interface/share/ex09_interface/cmake/ex09_interface__rosidl_typesupport_introspection_cppExport.cmake
[2.721s] -- Installing: /ros2_ws/install/ex09_interface/share/ex09_interface/cmake/ex09_interface__rosidl_typesupport_introspection_cppExport-noconfig.cmake
[2.722s] -- Installing: /ros2_ws/install/ex09_interface/share/ex09_interface/cmake/ex09_interface__rosidl_typesupport_cppExport.cmake
[2.724s] -- Installing: /ros2_ws/install/ex09_interface/share/ex09_interface/cmake/ex09_interface__rosidl_typesupport_cppExport-noconfig.cmake
[2.726s] -- Installing: /ros2_ws/install/ex09_interface/share/ex09_interface/cmake/export_ex09_interface__rosidl_generator_pyExport.cmake
[2.728s] -- Installing: /ros2_ws/install/ex09_interface/share/ex09_interface/cmake/export_ex09_interface__rosidl_generator_pyExport-noconfig.cmake
[2.729s] -- Installing: /ros2_ws/install/ex09_interface/share/ex09_interface/cmake/rosidl_cmake-extras.cmake
[2.731s] -- Installing: /ros2_ws/install/ex09_interface/share/ex09_interface/cmake/ament_cmake_export_include_directories-extras.cmake
[2.732s] -- Installing: /ros2_ws/install/ex09_interface/share/ex09_interface/cmake/ament_cmake_export_libraries-extras.cmake
[2.734s] -- Installing: /ros2_ws/install/ex09_interface/share/ex09_interface/cmake/ament_cmake_export_targets-extras.cmake
[2.735s] -- Installing: /ros2_ws/install/ex09_interface/share/ex09_interface/cmake/rosidl_cmake_export_typesupport_targets-extras.cmake
[2.736s] -- Installing: /ros2_ws/install/ex09_interface/share/ex09_interface/cmake/ament_cmake_export_dependencies-extras.cmake
[2.738s] -- Installing: /ros2_ws/install/ex09_interface/share/ex09_interface/cmake/rosidl_cmake_export_typesupport_libraries-extras.cmake
[2.739s] -- Installing: /ros2_ws/install/ex09_interface/share/ex09_interface/cmake/ex09_interfaceConfig.cmake
[2.741s] -- Installing: /ros2_ws/install/ex09_interface/share/ex09_interface/cmake/ex09_interfaceConfig-version.cmake
[2.742s] -- Installing: /ros2_ws/install/ex09_interface/share/ex09_interface/package.xml
[2.746s] Invoked command in '/ros2_ws/build/ex09_interface' returned '0': CMAKE_PREFIX_PATH=/root/ros2_ws/install/xd_pkg:/root/ros2_ws/install/my_first_pkg:/opt/ros/humble /usr/bin/cmake --install /ros2_ws/build/ex09_interface
