[0.465s] Invoking command in '/ros2_ws/my_first_pkg': PYTHONPATH=/ros2_ws/build/my_first_pkg/prefix_override:/usr/lib/python3/dist-packages/colcon_core/task/python/colcon_distutils_commands:/ros2_ws/install/my_first_pkg/lib/python3.10/site-packages:${PYTHONPATH} /usr/bin/python3 -W ignore:setup.py install is deprecated -W ignore:easy_install command is deprecated setup.py egg_info --egg-base ../build/my_first_pkg build --build-base /ros2_ws/build/my_first_pkg/build install --record /ros2_ws/build/my_first_pkg/install.log --single-version-externally-managed install_data
[0.607s] running egg_info
[0.608s] writing ../build/my_first_pkg/my_first_pkg.egg-info/PKG-INFO
[0.609s] writing dependency_links to ../build/my_first_pkg/my_first_pkg.egg-info/dependency_links.txt
[0.610s] writing entry points to ../build/my_first_pkg/my_first_pkg.egg-info/entry_points.txt
[0.610s] writing requirements to ../build/my_first_pkg/my_first_pkg.egg-info/requires.txt
[0.611s] writing top-level names to ../build/my_first_pkg/my_first_pkg.egg-info/top_level.txt
[0.616s] reading manifest file '../build/my_first_pkg/my_first_pkg.egg-info/SOURCES.txt'
[0.617s] writing manifest file '../build/my_first_pkg/my_first_pkg.egg-info/SOURCES.txt'
[0.618s] running build
[0.618s] running build_py
[0.619s] running install
[0.619s] running install_lib
[0.620s] running install_data
[0.621s] running install_egg_info
[0.622s] removing '/ros2_ws/install/my_first_pkg/lib/python3.10/site-packages/my_first_pkg-0.0.0-py3.10.egg-info' (and everything under it)
[0.624s] Copying ../build/my_first_pkg/my_first_pkg.egg-info to /ros2_ws/install/my_first_pkg/lib/python3.10/site-packages/my_first_pkg-0.0.0-py3.10.egg-info
[0.633s] running install_scripts
[0.655s] writing list of installed files to '/ros2_ws/build/my_first_pkg/install.log'
[0.674s] Invoked command in '/ros2_ws/my_first_pkg' returned '0': PYTHONPATH=/ros2_ws/build/my_first_pkg/prefix_override:/usr/lib/python3/dist-packages/colcon_core/task/python/colcon_distutils_commands:/ros2_ws/install/my_first_pkg/lib/python3.10/site-packages:${PYTHONPATH} /usr/bin/python3 -W ignore:setup.py install is deprecated -W ignore:easy_install command is deprecated setup.py egg_info --egg-base ../build/my_first_pkg build --build-base /ros2_ws/build/my_first_pkg/build install --record /ros2_ws/build/my_first_pkg/install.log --single-version-externally-managed install_data
