[0.371s] Invoking command in '/ros2_ws/my_first_pkg': PYTHONPATH=/ros2_ws/build/my_first_pkg/prefix_override:/usr/lib/python3/dist-packages/colcon_core/task/python/colcon_distutils_commands:/ros2_ws/install/my_first_pkg/lib/python3.10/site-packages:${PYTHONPATH} /usr/bin/python3 -W ignore:setup.py install is deprecated -W ignore:easy_install command is deprecated setup.py egg_info --egg-base ../build/my_first_pkg build --build-base /ros2_ws/build/my_first_pkg/build install --record /ros2_ws/build/my_first_pkg/install.log --single-version-externally-managed install_data
[0.479s] running egg_info
[0.480s] writing ../build/my_first_pkg/my_first_pkg.egg-info/PKG-INFO
[0.480s] writing dependency_links to ../build/my_first_pkg/my_first_pkg.egg-info/dependency_links.txt
[0.481s] writing entry points to ../build/my_first_pkg/my_first_pkg.egg-info/entry_points.txt
[0.481s] writing requirements to ../build/my_first_pkg/my_first_pkg.egg-info/requires.txt
[0.481s] writing top-level names to ../build/my_first_pkg/my_first_pkg.egg-info/top_level.txt
[0.483s] reading manifest file '../build/my_first_pkg/my_first_pkg.egg-info/SOURCES.txt'
[0.485s] writing manifest file '../build/my_first_pkg/my_first_pkg.egg-info/SOURCES.txt'
[0.488s] running build
[0.488s] running build_py
[0.489s] running install
[0.489s] running install_lib
[0.490s] running install_data
[0.490s] running install_egg_info
[0.491s] removing '/ros2_ws/install/my_first_pkg/lib/python3.10/site-packages/my_first_pkg-0.0.0-py3.10.egg-info' (and everything under it)
[0.493s] Copying ../build/my_first_pkg/my_first_pkg.egg-info to /ros2_ws/install/my_first_pkg/lib/python3.10/site-packages/my_first_pkg-0.0.0-py3.10.egg-info
[0.502s] running install_scripts
[0.515s] writing list of installed files to '/ros2_ws/build/my_first_pkg/install.log'
[0.530s] Invoked command in '/ros2_ws/my_first_pkg' returned '0': PYTHONPATH=/ros2_ws/build/my_first_pkg/prefix_override:/usr/lib/python3/dist-packages/colcon_core/task/python/colcon_distutils_commands:/ros2_ws/install/my_first_pkg/lib/python3.10/site-packages:${PYTHONPATH} /usr/bin/python3 -W ignore:setup.py install is deprecated -W ignore:easy_install command is deprecated setup.py egg_info --egg-base ../build/my_first_pkg build --build-base /ros2_ws/build/my_first_pkg/build install --record /ros2_ws/build/my_first_pkg/install.log --single-version-externally-managed install_data
