running egg_info
creating ../../../build/xd_pkg/xd_pkg.egg-info
writing ../../../build/xd_pkg/xd_pkg.egg-info/PKG-INFO
writing dependency_links to ../../../build/xd_pkg/xd_pkg.egg-info/dependency_links.txt
writing entry points to ../../../build/xd_pkg/xd_pkg.egg-info/entry_points.txt
writing requirements to ../../../build/xd_pkg/xd_pkg.egg-info/requires.txt
writing top-level names to ../../../build/xd_pkg/xd_pkg.egg-info/top_level.txt
writing manifest file '../../../build/xd_pkg/xd_pkg.egg-info/SOURCES.txt'
reading manifest file '../../../build/xd_pkg/xd_pkg.egg-info/SOURCES.txt'
adding license file 'LICENSE'
writing manifest file '../../../build/xd_pkg/xd_pkg.egg-info/SOURCES.txt'
running build
running build_py
creating /ros2_ws/build/xd_pkg/build
creating /ros2_ws/build/xd_pkg/build/lib
creating /ros2_ws/build/xd_pkg/build/lib/xd_pkg
copying xd_pkg/__init__.py -> /ros2_ws/build/xd_pkg/build/lib/xd_pkg
copying xd_pkg/xd_node.py -> /ros2_ws/build/xd_pkg/build/lib/xd_pkg
running install
running install_lib
creating /ros2_ws/install/xd_pkg/lib/python3.10/site-packages/xd_pkg
copying /ros2_ws/build/xd_pkg/build/lib/xd_pkg/__init__.py -> /ros2_ws/install/xd_pkg/lib/python3.10/site-packages/xd_pkg
copying /ros2_ws/build/xd_pkg/build/lib/xd_pkg/xd_node.py -> /ros2_ws/install/xd_pkg/lib/python3.10/site-packages/xd_pkg
byte-compiling /ros2_ws/install/xd_pkg/lib/python3.10/site-packages/xd_pkg/__init__.py to __init__.cpython-310.pyc
byte-compiling /ros2_ws/install/xd_pkg/lib/python3.10/site-packages/xd_pkg/xd_node.py to xd_node.cpython-310.pyc
running install_data
creating /ros2_ws/install/xd_pkg/share/ament_index
creating /ros2_ws/install/xd_pkg/share/ament_index/resource_index
creating /ros2_ws/install/xd_pkg/share/ament_index/resource_index/packages
copying resource/xd_pkg -> /ros2_ws/install/xd_pkg/share/ament_index/resource_index/packages
copying package.xml -> /ros2_ws/install/xd_pkg/share/xd_pkg
running install_egg_info
Copying ../../../build/xd_pkg/xd_pkg.egg-info to /ros2_ws/install/xd_pkg/lib/python3.10/site-packages/xd_pkg-0.0.0-py3.10.egg-info
running install_scripts
Installing xd_node script to /ros2_ws/install/xd_pkg/lib/xd_pkg
writing list of installed files to '/ros2_ws/build/xd_pkg/install.log'
