[0.458s] Invoking command in '/ros2_ws/src/ex03/xd_pkg': PYTHONPATH=/ros2_ws/build/xd_pkg/prefix_override:/usr/lib/python3/dist-packages/colcon_core/task/python/colcon_distutils_commands:/ros2_ws/install/xd_pkg/lib/python3.10/site-packages:${PYTHONPATH} /usr/bin/python3 -W ignore:setup.py install is deprecated -W ignore:easy_install command is deprecated setup.py egg_info --egg-base ../../../build/xd_pkg build --build-base /ros2_ws/build/xd_pkg/build install --record /ros2_ws/build/xd_pkg/install.log --single-version-externally-managed install_data
[0.593s] running egg_info
[0.594s] creating ../../../build/xd_pkg/xd_pkg.egg-info
[0.595s] writing ../../../build/xd_pkg/xd_pkg.egg-info/PKG-INFO
[0.596s] writing dependency_links to ../../../build/xd_pkg/xd_pkg.egg-info/dependency_links.txt
[0.597s] writing entry points to ../../../build/xd_pkg/xd_pkg.egg-info/entry_points.txt
[0.598s] writing requirements to ../../../build/xd_pkg/xd_pkg.egg-info/requires.txt
[0.598s] writing top-level names to ../../../build/xd_pkg/xd_pkg.egg-info/top_level.txt
[0.599s] writing manifest file '../../../build/xd_pkg/xd_pkg.egg-info/SOURCES.txt'
[0.603s] reading manifest file '../../../build/xd_pkg/xd_pkg.egg-info/SOURCES.txt'
[0.604s] adding license file 'LICENSE'
[0.604s] writing manifest file '../../../build/xd_pkg/xd_pkg.egg-info/SOURCES.txt'
[0.605s] running build
[0.605s] running build_py
[0.605s] creating /ros2_ws/build/xd_pkg/build
[0.606s] creating /ros2_ws/build/xd_pkg/build/lib
[0.606s] creating /ros2_ws/build/xd_pkg/build/lib/xd_pkg
[0.607s] copying xd_pkg/__init__.py -> /ros2_ws/build/xd_pkg/build/lib/xd_pkg
[0.608s] copying xd_pkg/xd_node.py -> /ros2_ws/build/xd_pkg/build/lib/xd_pkg
[0.608s] running install
[0.609s] running install_lib
[0.610s] creating /ros2_ws/install/xd_pkg/lib/python3.10/site-packages/xd_pkg
[0.610s] copying /ros2_ws/build/xd_pkg/build/lib/xd_pkg/__init__.py -> /ros2_ws/install/xd_pkg/lib/python3.10/site-packages/xd_pkg
[0.611s] copying /ros2_ws/build/xd_pkg/build/lib/xd_pkg/xd_node.py -> /ros2_ws/install/xd_pkg/lib/python3.10/site-packages/xd_pkg
[0.612s] byte-compiling /ros2_ws/install/xd_pkg/lib/python3.10/site-packages/xd_pkg/__init__.py to __init__.cpython-310.pyc
[0.614s] byte-compiling /ros2_ws/install/xd_pkg/lib/python3.10/site-packages/xd_pkg/xd_node.py to xd_node.cpython-310.pyc
[0.615s] running install_data
[0.616s] creating /ros2_ws/install/xd_pkg/share/ament_index
[0.616s] creating /ros2_ws/install/xd_pkg/share/ament_index/resource_index
[0.616s] creating /ros2_ws/install/xd_pkg/share/ament_index/resource_index/packages
[0.617s] copying resource/xd_pkg -> /ros2_ws/install/xd_pkg/share/ament_index/resource_index/packages
[0.617s] copying package.xml -> /ros2_ws/install/xd_pkg/share/xd_pkg
[0.618s] running install_egg_info
[0.620s] Copying ../../../build/xd_pkg/xd_pkg.egg-info to /ros2_ws/install/xd_pkg/lib/python3.10/site-packages/xd_pkg-0.0.0-py3.10.egg-info
[0.629s] running install_scripts
[0.642s] Installing xd_node script to /ros2_ws/install/xd_pkg/lib/xd_pkg
[0.649s] writing list of installed files to '/ros2_ws/build/xd_pkg/install.log'
[0.682s] Invoked command in '/ros2_ws/src/ex03/xd_pkg' returned '0': PYTHONPATH=/ros2_ws/build/xd_pkg/prefix_override:/usr/lib/python3/dist-packages/colcon_core/task/python/colcon_distutils_commands:/ros2_ws/install/xd_pkg/lib/python3.10/site-packages:${PYTHONPATH} /usr/bin/python3 -W ignore:setup.py install is deprecated -W ignore:easy_install command is deprecated setup.py egg_info --egg-base ../../../build/xd_pkg build --build-base /ros2_ws/build/xd_pkg/build install --record /ros2_ws/build/xd_pkg/install.log --single-version-externally-managed install_data
